// Jest Snapshot v1, https://goo.gl/fbAQLP

exports[`Matches snapshot 1`] = `
<View
  style={
    Object {
      "bottom": 0,
      "flexDirection": "column",
      "justifyContent": "space-between",
      "left": 0,
      "position": "absolute",
      "right": 0,
      "top": 0,
    }
  }
>
  <Image
    resizeMode={undefined}
    source={
      Object {
        "uri": "https://fleeteng-static.s3.amazonaws.com/assets/background-081a9027c8c821541bf2d7816138fc87.jpg",
      }
    }
    style={
      Object {
        "flex": 1,
        "height": null,
        "width": null,
      }
    }
  >
    <View
      style={
        Object {
          "bottom": 0,
          "flexDirection": "column",
          "justifyContent": "space-between",
          "left": 0,
          "position": "absolute",
          "right": 0,
          "top": 0,
        }
      }
    >
      <View
        style={
          Object {
            "alignSelf": "center",
          }
        }
      >
        <Text
          accessible={true}
          allowFontScaling={true}
          ellipsizeMode="tail"
          style={
            Object {
              "color": "navy",
              "fontSize": 108,
              "textAlign": "center",
            }
          }
        >
          UniRide
        </Text>
        <Text
          accessible={true}
          allowFontScaling={true}
          ellipsizeMode="tail"
          style={
            Object {
              "color": "navy",
              "fontSize": 24,
              "textAlign": "center",
            }
          }
        >
          UWA Rideshare
        </Text>
      </View>
      <View
        style={
          Object {
            "alignItems": "center",
            "height": 60,
          }
        }
      >
        <View
          accessibilityComponentType="button"
          accessibilityLabel={undefined}
          accessibilityTraits="button"
          accessible={true}
          hitSlop={undefined}
          isTVSelectable={true}
          onLayout={undefined}
          onResponderGrant={[Function]}
          onResponderMove={[Function]}
          onResponderRelease={[Function]}
          onResponderTerminate={[Function]}
          onResponderTerminationRequest={[Function]}
          onStartShouldSetResponder={[Function]}
          style={
            Object {
              "alignItems": "center",
              "backgroundColor": "#faba12",
              "borderRadius": 4,
              "flex": 1,
              "flexDirection": "column",
              "justifyContent": "center",
              "opacity": 1,
              "overflow": "hidden",
              "width": 180,
            }
          }
          testID={undefined}
          tvParallaxProperties={undefined}
        >
          <Text
            accessible={true}
            allowFontScaling={true}
            ellipsizeMode="tail"
            style={
              Array [
                Object {
                  "color": "#007aff",
                  "fontSize": 17,
                  "fontWeight": "500",
                  "textAlign": "center",
                },
                null,
                Object {
                  "color": "white",
                  "fontSize": 20,
                },
                null,
              ]
            }
          >
            Sign In
          </Text>
        </View>
      </View>
      <View
        style={
          Object {
            "alignItems": "center",
            "height": 60,
          }
        }
      >
        <View
          accessibilityComponentType="button"
          accessibilityLabel={undefined}
          accessibilityTraits="button"
          accessible={true}
          hitSlop={undefined}
          isTVSelectable={true}
          onLayout={undefined}
          onResponderGrant={[Function]}
          onResponderMove={[Function]}
          onResponderRelease={[Function]}
          onResponderTerminate={[Function]}
          onResponderTerminationRequest={[Function]}
          onStartShouldSetResponder={[Function]}
          style={
            Object {
              "alignItems": "center",
              "backgroundColor": "#303030",
              "borderRadius": 4,
              "flex": 1,
              "flexDirection": "column",
              "justifyContent": "center",
              "opacity": 1,
              "overflow": "hidden",
              "width": 180,
            }
          }
          testID={undefined}
          tvParallaxProperties={undefined}
        >
          <Text
            accessible={true}
            allowFontScaling={true}
            ellipsizeMode="tail"
            style={
              Array [
                Object {
                  "color": "#007aff",
                  "fontSize": 17,
                  "fontWeight": "500",
                  "textAlign": "center",
                },
                null,
                Object {
                  "color": "white",
                  "fontSize": 20,
                },
                null,
              ]
            }
          >
            API Test
          </Text>
        </View>
      </View>
      <View
        style={
          Object {
            "alignItems": "center",
            "height": 60,
          }
        }
      >
        <View
          accessibilityComponentType="button"
          accessibilityLabel={undefined}
          accessibilityTraits="button"
          accessible={true}
          hitSlop={undefined}
          isTVSelectable={true}
          onLayout={undefined}
          onResponderGrant={[Function]}
          onResponderMove={[Function]}
          onResponderRelease={[Function]}
          onResponderTerminate={[Function]}
          onResponderTerminationRequest={[Function]}
          onStartShouldSetResponder={[Function]}
          style={
            Object {
              "alignItems": "center",
              "backgroundColor": "#303030",
              "borderRadius": 4,
              "flex": 1,
              "flexDirection": "column",
              "justifyContent": "center",
              "opacity": 1,
              "overflow": "hidden",
              "width": 180,
            }
          }
          testID={undefined}
          tvParallaxProperties={undefined}
        >
          <Text
            accessible={true}
            allowFontScaling={true}
            ellipsizeMode="tail"
            style={
              Array [
                Object {
                  "color": "#007aff",
                  "fontSize": 17,
                  "fontWeight": "500",
                  "textAlign": "center",
                },
                null,
                Object {
                  "color": "white",
                  "fontSize": 20,
                },
                null,
              ]
            }
          >
            Clear App Data
          </Text>
        </View>
      </View>
    </View>
  </Image>
</View>
`;
